[datawarna.com/index.html]
[backblue.gif]
[fade.gif]
[index.html]
[datawarna.com/wp-content/uploads/2020/03/105522-meme-hutang-1-10-300x296.png]
[datawarna.com/feed/index.html]
[datawarna.com/comments/feed/index.html]
[datawarna.com/wp-includes/css/dist/block-library/style.min7661.css]
[datawarna.com/wp-content/themes/frontier/responsive3ba1.css]
[datawarna.com/wp-content/themes/frontier/style3ba1.css]
[datawarna.com/wp-includes/js/jquery/jquery-migrate.min330a.js]
[datawarna.com/xmlrpc0db0.php]
[datawarna.com/wp-content/themes/frontier/includes/genericons/genericons3ba1.css]
[datawarna.com/wp-includes/wlwmanifest.xml]
[datawarna.com/wp-json/index.html]
[datawarna.com/wp-json/oembed/1.0/embed2b29.json]
[datawarna.com/wp-json/oembed/1.0/embed2c05]
[datawarna.com/wp-includes/js/jquery/jquery4a5f.js]
[datawarna.com/sydney-pools-6d/index.html]
[datawarna.com/paito-warna-hongkong-6d/index.html]
[datawarna.com/hongkong/index.html]
[datawarna.com/singapore/index.html]
[sstatic1.histats.com/09925.gif]
[datawarna.com/sydney/index.html]
[s10.histats.com/js15_as.js]
[datawarna.com/adelaide-day/index.html]
[datawarna.com/adelaide-night/index.html]
[datawarna.com/index.html]
[datawarna.com/arkansas-evening/index.html]
[datawarna.com/arkansas-midday/index.html]
[datawarna.com/xmlrpc.php]
[datawarna.com/wp-includes/js/wp-embed.min7661.js]
[datawarna.com/bonoloto/index.html]
[datawarna.com/brisbane-day/index.html]
[datawarna.com/brisbane-night/index.html]
[datawarna.com/bulls-eye/index.html]
[datawarna.com/busan-day/index.html]
[datawarna.com/canberra-morning/index.html]
[datawarna.com/busan-night/index.html]
[datawarna.com/canberra-night/index.html]
[datawarna.com/caribbean-evening/index.html]
[datawarna.com/caribbean-midday/index.html]
[datawarna.com/caribbean-sunset/index.html]
[datawarna.com/chengdu-day/index.html]
[datawarna.com/chengdu-night/index.html]
[datawarna.com/chinapools/index.html]
[datawarna.com/colombus/index.html]
[datawarna.com/connecticut-day/index.html]
[datawarna.com/connecticut-night/index.html]
[datawarna.com/delaware-day/index.html]
[datawarna.com/delaware-night/index.html]
[datawarna.com/florida-evening/index.html]
[datawarna.com/florida-midday/index.html]
[datawarna.com/georgia-evening/index.html]
[datawarna.com/georgia-midday/index.html]
[datawarna.com/georgia-night/index.html]
[datawarna.com/germany-plus5/index.html]
[datawarna.com/gwangju-morning/index.html]
[datawarna.com/gwangju-day/index.html]
[datawarna.com/hollywood/index.html]
[datawarna.com/illinois-evening/index.html]
[datawarna.com/illinois-midday/index.html]
[datawarna.com/wp-includes/css/dist/block-library/style.min7661.css]
[datawarna.com/ireland-daily-million/index.html]
[datawarna.com/indiana-midday/index.html]
[datawarna.com/indiana-evening/index.html]
[datawarna.com/jinjiang/index.html]
[datawarna.com/ireland-daily-million-2100-wib/index.html]
[datawarna.com/kentucky-evening/index.html]
[datawarna.com/louisiana/index.html]
[datawarna.com/kentucky-midday/index.html]
[datawarna.com/wp-content/themes/frontier/includes/genericons/Genericons.eot]
[datawarna.com/magnum-cambodia/index.html]
[datawarna.com/maryland-evening/index.html]
[datawarna.com/maryland-midday/index.html]
[datawarna.com/massachusetts-midday/index.html]
[datawarna.com/michigan-evening/index.html]
[datawarna.com/michigan-midday/index.html]
[datawarna.com/massachusetts-evening/index.html]
[datawarna.com/wp-content/themes/frontier/includes/genericons/Genericonsd41d.eot]
[datawarna.com/missouri-evening/index.html]
[datawarna.com/miramar/index.html]
[datawarna.com/wp-content/themes/frontier/includes/genericons/Genericons.ttf]
[datawarna.com/morocco-quatro-0400-wib/index.html]
[datawarna.com/missouri-midday/index.html]
[datawarna.com/morocco-quatro/index.html]
[datawarna.com/morocco-quatro-1900-wib/index.html]
[datawarna.com/wp-content/themes/frontier/includes/genericons/Genericons.svg]
[datawarna.com/new-jersey-evening/index.html]
[datawarna.com/wp-content/themes/frontier/includes/genericons/genericons3ba1.css]
[datawarna.com/morocco-quatro-2200-wib/index.html]
[datawarna.com/new-jersey-midday/index.html]
[datawarna.com/new-york-evening/index.html]
[datawarna.com/north-carolina-day/index.html]
[datawarna.com/north-carolina-evening/index.html]
[datawarna.com/ohio-evening/index.html]
[datawarna.com/wp-content/themes/frontier/images/slider-prev.png]
[datawarna.com/ohio-midday/index.html]
[datawarna.com/wp-content/themes/frontier/images/slider-next.png]
[datawarna.com/oregon/index.html]
[datawarna.com/oregon-0700-wib/index.html]
[datawarna.com/wp-content/themes/frontier/style3ba1.css]
[datawarna.com/oregon-1300-wib/index.html]
[datawarna.com/oregon-1000-wib/index.html]
[datawarna.com/pcso/index.html]
[datawarna.com/pennsylvania-day/index.html]
[datawarna.com/pennsylvania-evening/index.html]
[datawarna.com/rhode-island/index.html]
[datawarna.com/wp-content/themes/frontier/responsive3ba1.css]
[datawarna.com/salvador-night/index.html]
[datawarna.com/san-juan-morning/index.html]
[datawarna.com/salvador-morning/index.html]
[datawarna.com/wp-json/oembed/1.0/embedadc0.json]
[datawarna.com/san-juan-night/index.html]
[datawarna.com/sazka-poledni/index.html]
[datawarna.com/sazka-vecer/index.html]
[datawarna.com/south-carolina-midday/index.html]
[datawarna.com/supremeventures-evening/index.html]
[datawarna.com/supremeventures-drivetime/index.html]
[datawarna.com/supremeventures-early-bird/index.html]
[datawarna.com/supremeventures-midday/index.html]
[datawarna.com/supremeventures-morning/index.html]
[ajax.googleapis.com/ajax/libs/jquery/1.11.3/jquery.min.js]
[datawarna.com/wp-json/oembed/1.0/embedcf69]
[datawarna.com/taiwan/index.html]
[datawarna.com/tennesse-midday/index.html]
[datawarna.com/tennesse-evening/index.html]
[datawarna.com/tennesse-morning/index.html]
[datawarna.com/texas-day/index.html]
[datawarna.com/texas-evening/index.html]
[datawarna.com/texas-morning/index.html]
[datawarna.com/texas-night/index.html]
[datawarna.com/trinidad-tobago-afternoon/index.html]
[datawarna.com/trinidad-tobago-morning/index.html]
[datawarna.com/trinidad-tobago-evening/index.html]
[datawarna.com/trinidad-tobago-midday/index.html]
[datawarna.com/vegas-day/index.html]
[datawarna.com/vancouver-morning/index.html]
[datawarna.com/vegas-evening/index.html]
[datawarna.com/vegas-midnight/index.html]
[datawarna.com/vegas-morning/index.html]
[datawarna.com/vegas-night/index.html]
[datawarna.com/vermont-day/index.html]
[datawarna.com/virginia-day/index.html]
[datawarna.com/vermont-evening/index.html]
[datawarna.com/virginia-night/index.html]
[datawarna.com/washington-dc-evening/index.html]
[datawarna.com/washington-dc-midday/index.html]
[datawarna.com/west-virginia/index.html]
[datawarna.com/wisconsin/index.html]
[raw.githack.com/livedrawtogel/paitojs/master/tablepaito.js]
[datawarna.com/sydney-pools-6d/index.html]
[datawarna.com/wp-json/oembed/1.0/embede15f.json]
[datawarna.com/wp-json/oembed/1.0/embed5332]
[datawarna.com/paito-warna-hongkong-6d/index.html]
[datawarna.com/wp-json/oembed/1.0/embedad26.json]
[datawarna.com/wp-json/oembed/1.0/embedc57f]
[datawarna.com/hongkong/index.html]
[datawarna.com/wp-json/oembed/1.0/embed760f.json]
[datawarna.com/wp-json/oembed/1.0/embedb45c]
[datawarna.com/singapore/index.html]
[datawarna.com/wp-json/oembed/1.0/embedb9fd.json]
[datawarna.com/wp-json/oembed/1.0/embed7234]
[datawarna.com/sydney/index.html]
[datawarna.com/wp-json/oembed/1.0/embed3b7e.json]
[datawarna.com/wp-json/oembed/1.0/embed545e]
[datawarna.com/adelaide-day/index.html]
[datawarna.com/wp-json/oembed/1.0/embedb4cc.json]
[datawarna.com/wp-json/oembed/1.0/embedc263]
[datawarna.com/adelaide-night/index.html]
[datawarna.com/wp-json/oembed/1.0/embedc595.json]
[datawarna.com/wp-json/oembed/1.0/embed570a]
[datawarna.com/arkansas-evening/index.html]
[datawarna.com/wp-json/oembed/1.0/embed4659.json]
[datawarna.com/wp-json/oembed/1.0/embed3efa]
[datawarna.com/arkansas-midday/index.html]
[datawarna.com/wp-json/oembed/1.0/embed7ed4.json]
[datawarna.com/wp-json/oembed/1.0/embedddc9]
[datawarna.com/bonoloto/index.html]
[datawarna.com/wp-json/oembed/1.0/embedd219.json]
[datawarna.com/wp-json/oembed/1.0/embed0b2d]
[datawarna.com/brisbane-day/index.html]
[datawarna.com/wp-json/oembed/1.0/embeda4a7.json]
[datawarna.com/wp-json/oembed/1.0/embed2b58]
[datawarna.com/brisbane-night/index.html]
[datawarna.com/wp-json/oembed/1.0/embed2d23.json]
[datawarna.com/wp-json/oembed/1.0/embed820b]
[datawarna.com/bulls-eye/index.html]
[datawarna.com/wp-json/oembed/1.0/embed8f34.json]
[datawarna.com/wp-json/oembed/1.0/embed8da7]
[datawarna.com/busan-day/index.html]
[datawarna.com/wp-json/oembed/1.0/embedafba.json]
[datawarna.com/wp-json/oembed/1.0/embed5ae6]
[datawarna.com/busan-night/index.html]
[datawarna.com/wp-json/oembed/1.0/embed91a1.json]
[datawarna.com/wp-json/oembed/1.0/embedec12]
[datawarna.com/canberra-morning/index.html]
[datawarna.com/wp-json/oembed/1.0/embedbe53.json]
[datawarna.com/wp-json/oembed/1.0/embedca6e]
[datawarna.com/canberra-night/index.html]
[datawarna.com/wp-json/oembed/1.0/embed99ed.json]
[datawarna.com/wp-json/oembed/1.0/embedc525]
[datawarna.com/caribbean-evening/index.html]
[datawarna.com/wp-json/oembed/1.0/embed4c5c.json]
[datawarna.com/wp-json/oembed/1.0/embed2eb0]
[datawarna.com/caribbean-midday/index.html]
[datawarna.com/wp-json/oembed/1.0/embed5900.json]
[datawarna.com/wp-json/oembed/1.0/embedc34d]
[datawarna.com/caribbean-sunset/index.html]
[datawarna.com/wp-json/oembed/1.0/embed4104.json]
[datawarna.com/wp-json/oembed/1.0/embed9153]
[datawarna.com/chengdu-day/index.html]
[datawarna.com/wp-json/oembed/1.0/embede6db.json]
[datawarna.com/wp-json/oembed/1.0/embedbac1]
[datawarna.com/chengdu-night/index.html]
[datawarna.com/wp-json/oembed/1.0/embeda015.json]
[datawarna.com/wp-json/oembed/1.0/embed7299]
[datawarna.com/chinapools/index.html]
[datawarna.com/wp-json/oembed/1.0/embed6b47.json]
[datawarna.com/wp-json/oembed/1.0/embed9e8d]
[datawarna.com/colombus/index.html]
[datawarna.com/wp-json/oembed/1.0/embedd7a0.json]
[datawarna.com/wp-json/oembed/1.0/embedc6a3]
[datawarna.com/connecticut-day/index.html]
[datawarna.com/wp-json/oembed/1.0/embedf558.json]
[datawarna.com/wp-json/oembed/1.0/embed6a2c]
[datawarna.com/connecticut-night/index.html]
[datawarna.com/wp-json/oembed/1.0/embed4efc.json]
[datawarna.com/wp-json/oembed/1.0/embed7cc8]
[datawarna.com/delaware-day/index.html]
[datawarna.com/wp-json/oembed/1.0/embeda9b8.json]
[datawarna.com/wp-json/oembed/1.0/embed9cde]
[datawarna.com/delaware-night/index.html]
[datawarna.com/wp-json/oembed/1.0/embedcd4d.json]
[datawarna.com/wp-json/oembed/1.0/embeda648]
[datawarna.com/florida-evening/index.html]
[datawarna.com/wp-json/oembed/1.0/embed115f.json]
[datawarna.com/wp-json/oembed/1.0/embed87e6]
[datawarna.com/florida-midday/index.html]
[datawarna.com/wp-json/oembed/1.0/embed253e.json]
[datawarna.com/wp-json/oembed/1.0/embedc96c]
[datawarna.com/georgia-evening/index.html]
[datawarna.com/wp-json/oembed/1.0/embed7e2f.json]
[datawarna.com/wp-json/oembed/1.0/embedff05]
[datawarna.com/georgia-midday/index.html]
[datawarna.com/wp-json/oembed/1.0/embed153c.json]
[datawarna.com/wp-json/oembed/1.0/embed8086]
[datawarna.com/georgia-night/index.html]
[datawarna.com/wp-json/oembed/1.0/embed1988.json]
[datawarna.com/wp-json/oembed/1.0/embed6370]
[datawarna.com/germany-plus5/index.html]
[datawarna.com/wp-json/oembed/1.0/embed42d6.json]
[datawarna.com/wp-json/oembed/1.0/embed6fac]
[datawarna.com/gwangju-day/index.html]
[datawarna.com/wp-json/oembed/1.0/embed03eb.json]
[datawarna.com/wp-json/oembed/1.0/embedcb46]
[datawarna.com/gwangju-morning/index.html]
[datawarna.com/wp-json/oembed/1.0/embed2949.json]
[datawarna.com/wp-json/oembed/1.0/embed6a04]
[datawarna.com/hollywood/index.html]
[datawarna.com/wp-json/oembed/1.0/embed01a8.json]
[datawarna.com/wp-json/oembed/1.0/embedae42]
[datawarna.com/illinois-evening/index.html]
[datawarna.com/wp-json/oembed/1.0/embedda31.json]
[datawarna.com/wp-json/oembed/1.0/embedaa68]
[datawarna.com/illinois-midday/index.html]
[datawarna.com/wp-json/oembed/1.0/embed16b9.json]
[datawarna.com/wp-json/oembed/1.0/embedb6b1]
[datawarna.com/indiana-evening/index.html]
[datawarna.com/wp-json/oembed/1.0/embed8d72.json]
[datawarna.com/wp-json/oembed/1.0/embed1947]
[datawarna.com/indiana-midday/index.html]
[datawarna.com/wp-json/oembed/1.0/embed3de6.json]
[datawarna.com/wp-json/oembed/1.0/embed22c3]
[datawarna.com/ireland-daily-million/index.html]
[datawarna.com/wp-json/oembed/1.0/embeddcb5.json]
[datawarna.com/wp-json/oembed/1.0/embedfb63]
[datawarna.com/ireland-daily-million-2100-wib/index.html]
[datawarna.com/wp-json/oembed/1.0/embed493b.json]
[datawarna.com/wp-json/oembed/1.0/embed7ab8]
[datawarna.com/jinjiang/index.html]
[datawarna.com/wp-json/oembed/1.0/embedf6cb.json]
[datawarna.com/wp-json/oembed/1.0/embedbf74]
[datawarna.com/kentucky-evening/index.html]
[datawarna.com/wp-json/oembed/1.0/embed0bd7.json]
[datawarna.com/wp-json/oembed/1.0/embed5d6f]
[datawarna.com/kentucky-midday/index.html]
[datawarna.com/wp-json/oembed/1.0/embed7211.json]
[datawarna.com/wp-json/oembed/1.0/embed3906]
[datawarna.com/louisiana/index.html]
[datawarna.com/wp-json/oembed/1.0/embeddacc.json]
[datawarna.com/wp-json/oembed/1.0/embed77cc]
[datawarna.com/magnum-cambodia/index.html]
[datawarna.com/wp-json/oembed/1.0/embed3e25.json]
[datawarna.com/wp-json/oembed/1.0/embedfe10]
[datawarna.com/maryland-evening/index.html]
[datawarna.com/wp-json/oembed/1.0/embedf465.json]
[datawarna.com/wp-json/oembed/1.0/embed1fdf]
[datawarna.com/maryland-midday/index.html]
[datawarna.com/wp-json/oembed/1.0/embed5f41.json]
[datawarna.com/wp-json/oembed/1.0/embed7216]
[datawarna.com/massachusetts-evening/index.html]
[datawarna.com/wp-json/oembed/1.0/embed83cb.json]
[datawarna.com/wp-json/oembed/1.0/embed2fd3]
[datawarna.com/massachusetts-midday/index.html]
[datawarna.com/wp-json/oembed/1.0/embed5f96.json]
[datawarna.com/wp-json/oembed/1.0/embedc907]
[datawarna.com/michigan-evening/index.html]
[datawarna.com/wp-json/oembed/1.0/embed2abe.json]
[datawarna.com/wp-json/oembed/1.0/embed0def]
[datawarna.com/michigan-midday/index.html]
[datawarna.com/wp-json/oembed/1.0/embed2b54.json]
[datawarna.com/wp-json/oembed/1.0/embed95a5]
[datawarna.com/miramar/index.html]
[datawarna.com/wp-json/oembed/1.0/embed9039.json]
[datawarna.com/wp-json/oembed/1.0/embed5d8b]
[datawarna.com/missouri-evening/index.html]
[datawarna.com/wp-json/oembed/1.0/embedbc22.json]
[datawarna.com/wp-json/oembed/1.0/embedaa31]
[datawarna.com/missouri-midday/index.html]
[datawarna.com/wp-json/oembed/1.0/embedb5ce.json]
[datawarna.com/wp-json/oembed/1.0/embed3d49]
[datawarna.com/morocco-quatro/index.html]
[datawarna.com/wp-json/oembed/1.0/embed6f50.json]
[datawarna.com/wp-json/oembed/1.0/embede07c]
[datawarna.com/morocco-quatro-0400-wib/index.html]
[datawarna.com/wp-json/oembed/1.0/embed9a17.json]
[datawarna.com/wp-json/oembed/1.0/embede762]
[datawarna.com/morocco-quatro-1900-wib/index.html]
[datawarna.com/wp-json/oembed/1.0/embedf119.json]
[datawarna.com/wp-json/oembed/1.0/embedfe09]
[datawarna.com/morocco-quatro-2200-wib/index.html]
[datawarna.com/wp-json/oembed/1.0/embeda29c.json]
[datawarna.com/wp-json/oembed/1.0/embedf7c9]
[datawarna.com/new-jersey-evening/index.html]
[datawarna.com/wp-json/oembed/1.0/embedae83.json]
[datawarna.com/wp-json/oembed/1.0/embed6882]
[datawarna.com/new-jersey-midday/index.html]
[datawarna.com/wp-json/oembed/1.0/embed197d.json]
[datawarna.com/wp-json/oembed/1.0/embed04f1]
[datawarna.com/new-york-evening/index.html]
[datawarna.com/wp-json/oembed/1.0/embed999a.json]
[datawarna.com/wp-json/oembed/1.0/embed100b]
[datawarna.com/north-carolina-day/index.html]
[datawarna.com/wp-json/oembed/1.0/embed176f.json]
[datawarna.com/wp-json/oembed/1.0/embed325a]
[datawarna.com/north-carolina-evening/index.html]
[datawarna.com/wp-json/oembed/1.0/embed7e19.json]
[datawarna.com/wp-json/oembed/1.0/embed3160]
[datawarna.com/ohio-evening/index.html]
[datawarna.com/wp-json/oembed/1.0/embed8f9d.json]
[datawarna.com/wp-json/oembed/1.0/embed5a23]
[datawarna.com/ohio-midday/index.html]
[datawarna.com/wp-json/oembed/1.0/embedc4b4.json]
[datawarna.com/wp-json/oembed/1.0/embed0141]
[datawarna.com/oregon/index.html]
[datawarna.com/wp-json/oembed/1.0/embed86e6.json]
[datawarna.com/wp-json/oembed/1.0/embeddd44]
[datawarna.com/oregon-0700-wib/index.html]
[datawarna.com/wp-json/oembed/1.0/embede5c9.json]
[datawarna.com/wp-json/oembed/1.0/embedd67f]
[datawarna.com/oregon-1000-wib/index.html]
[datawarna.com/wp-json/oembed/1.0/embedd99e.json]
[datawarna.com/wp-json/oembed/1.0/embed5226]
[datawarna.com/oregon-1300-wib/index.html]
[datawarna.com/wp-json/oembed/1.0/embed6ef5.json]
[datawarna.com/wp-json/oembed/1.0/embedf669]
[datawarna.com/pcso/index.html]
[datawarna.com/wp-json/oembed/1.0/embed0e10.json]
[datawarna.com/wp-json/oembed/1.0/embed34e6]
[datawarna.com/pennsylvania-day/index.html]
[datawarna.com/wp-json/oembed/1.0/embedbeb8.json]
[datawarna.com/wp-json/oembed/1.0/embed977d]
[datawarna.com/pennsylvania-evening/index.html]
[datawarna.com/wp-json/oembed/1.0/embed54e4.json]
[datawarna.com/wp-json/oembed/1.0/embed11e3]
[datawarna.com/rhode-island/index.html]
[datawarna.com/wp-json/oembed/1.0/embede5c9-2.json]
[datawarna.com/wp-json/oembed/1.0/embed9263]
[datawarna.com/salvador-morning/index.html]
[datawarna.com/wp-json/oembed/1.0/embed1550.json]
[datawarna.com/wp-json/oembed/1.0/embedcbc6]
[datawarna.com/salvador-night/index.html]
[datawarna.com/wp-json/oembed/1.0/embed1b96.json]
[datawarna.com/wp-json/oembed/1.0/embed4794]
[datawarna.com/san-juan-morning/index.html]
[datawarna.com/wp-json/oembed/1.0/embeda21d.json]
[datawarna.com/wp-json/oembed/1.0/embed01da]
[datawarna.com/san-juan-night/index.html]
[datawarna.com/wp-json/oembed/1.0/embede976.json]
[datawarna.com/wp-json/oembed/1.0/embed9fbd]
[datawarna.com/sazka-poledni/index.html]
[datawarna.com/wp-json/oembed/1.0/embed489a.json]
[datawarna.com/wp-json/oembed/1.0/embed6bc5]
[datawarna.com/sazka-vecer/index.html]
[datawarna.com/wp-json/oembed/1.0/embedb28c.json]
[datawarna.com/wp-json/oembed/1.0/embed11db]
[datawarna.com/south-carolina-midday/index.html]
[datawarna.com/wp-json/oembed/1.0/embedc0a5.json]
[datawarna.com/wp-json/oembed/1.0/embed7058]
[datawarna.com/supremeventures-drivetime/index.html]
[datawarna.com/wp-json/oembed/1.0/embed2c9f.json]
[datawarna.com/wp-json/oembed/1.0/embed0399]
[datawarna.com/supremeventures-early-bird/index.html]
[datawarna.com/wp-json/oembed/1.0/embedd1e7.json]
[datawarna.com/wp-json/oembed/1.0/embed101a]
[datawarna.com/supremeventures-evening/index.html]
[datawarna.com/wp-json/oembed/1.0/embedb911.json]
[datawarna.com/wp-json/oembed/1.0/embed9255]
[datawarna.com/supremeventures-midday/index.html]
[datawarna.com/wp-json/oembed/1.0/embedc988.json]
[datawarna.com/wp-json/oembed/1.0/embed9c64]
[datawarna.com/supremeventures-morning/index.html]
[datawarna.com/wp-json/oembed/1.0/embeda76d.json]
[datawarna.com/wp-json/oembed/1.0/embed0cb3]
[datawarna.com/taiwan/index.html]
[datawarna.com/wp-json/oembed/1.0/embed3d46.json]
[datawarna.com/wp-json/oembed/1.0/embede859]
[datawarna.com/tennesse-evening/index.html]
[datawarna.com/wp-json/oembed/1.0/embed10f7.json]
[datawarna.com/wp-json/oembed/1.0/embed7d19]
[datawarna.com/tennesse-midday/index.html]
[datawarna.com/wp-json/oembed/1.0/embed1a5b.json]
[datawarna.com/wp-json/oembed/1.0/embedf069]
[datawarna.com/tennesse-morning/index.html]
[datawarna.com/wp-json/oembed/1.0/embed2253.json]
[datawarna.com/wp-json/oembed/1.0/embed21f5]
[datawarna.com/texas-day/index.html]
[datawarna.com/wp-json/oembed/1.0/embed96ee.json]
[datawarna.com/wp-json/oembed/1.0/embeda041]
[datawarna.com/texas-evening/index.html]
[datawarna.com/wp-json/oembed/1.0/embedfa02.json]
[datawarna.com/wp-json/oembed/1.0/embedd8e6]
[datawarna.com/texas-morning/index.html]
[datawarna.com/wp-json/oembed/1.0/embed9737.json]
[datawarna.com/wp-json/oembed/1.0/embed115a]
[datawarna.com/texas-night/index.html]
[datawarna.com/wp-json/oembed/1.0/embede28a.json]
[datawarna.com/wp-json/oembed/1.0/embede412]
[datawarna.com/trinidad-tobago-morning/index.html]
[datawarna.com/wp-json/oembed/1.0/embed6f44.json]
[datawarna.com/wp-json/oembed/1.0/embedd3a7]
[datawarna.com/trinidad-tobago-afternoon/index.html]
[datawarna.com/wp-json/oembed/1.0/embed32cc.json]
[datawarna.com/wp-json/oembed/1.0/embed7940]
[datawarna.com/trinidad-tobago-evening/index.html]
[datawarna.com/wp-json/oembed/1.0/embeddee2.json]
[datawarna.com/wp-json/oembed/1.0/embedeb2f]
[datawarna.com/trinidad-tobago-midday/index.html]
[datawarna.com/wp-json/oembed/1.0/embede6ba.json]
[datawarna.com/wp-json/oembed/1.0/embed990a]
[datawarna.com/vancouver-morning/index.html]
[datawarna.com/wp-json/oembed/1.0/embed3eb0.json]
[datawarna.com/wp-json/oembed/1.0/embed7e43]
[datawarna.com/vegas-day/index.html]
[datawarna.com/wp-json/oembed/1.0/embed3823.json]
[datawarna.com/wp-json/oembed/1.0/embed7179]
[datawarna.com/vegas-evening/index.html]
[datawarna.com/wp-json/oembed/1.0/embedbd5a.json]
[datawarna.com/wp-json/oembed/1.0/embed8cb6]
[datawarna.com/vegas-midnight/index.html]
[datawarna.com/wp-json/oembed/1.0/embed7277.json]
[datawarna.com/wp-json/oembed/1.0/embed4fdc]
[datawarna.com/vegas-morning/index.html]
[datawarna.com/wp-json/oembed/1.0/embedada9.json]
[datawarna.com/wp-json/oembed/1.0/embeda6a4]
[datawarna.com/vegas-night/index.html]
[datawarna.com/wp-json/oembed/1.0/embedc207.json]
[datawarna.com/wp-json/oembed/1.0/embedf226]
[datawarna.com/vermont-day/index.html]
[datawarna.com/wp-json/oembed/1.0/embed8ff4.json]
[datawarna.com/wp-json/oembed/1.0/embed979d]
[datawarna.com/vermont-evening/index.html]
[datawarna.com/wp-json/oembed/1.0/embed9232.json]
[datawarna.com/wp-json/oembed/1.0/embed0844]
[datawarna.com/virginia-day/index.html]
[datawarna.com/wp-json/oembed/1.0/embed50d2.json]
[datawarna.com/wp-json/oembed/1.0/embed2b89]
[datawarna.com/virginia-night/index.html]
[datawarna.com/wp-json/oembed/1.0/embed9e76.json]
[datawarna.com/wp-json/oembed/1.0/embed3d49-2]
[datawarna.com/washington-dc-evening/index.html]
[datawarna.com/wp-json/oembed/1.0/embeda623.json]
[datawarna.com/wp-json/oembed/1.0/embed974b]
[datawarna.com/washington-dc-midday/index.html]
[datawarna.com/wp-json/oembed/1.0/embed6620.json]
[datawarna.com/wp-json/oembed/1.0/embed9d96]
[datawarna.com/west-virginia/index.html]
[datawarna.com/wp-json/oembed/1.0/embed476a.json]
[datawarna.com/wp-json/oembed/1.0/embed9f4d]
[datawarna.com/wisconsin/index.html]
[datawarna.com/wp-content/themes/frontier/includes/genericons/Genericons.html]
[datawarna.com/wp-content/themes/frontier/includes/genericons/Genericonsd41d.html]
[datawarna.com/wp-content/themes/frontier/includes/genericons/Genericons.svg]
[datawarna.com/indexa942.html]
[datawarna.com/index27ac.html]
[datawarna.com/index2dc4.html]
[datawarna.com/index2df4.html]
[datawarna.com/index0e62.html]
[datawarna.com/index0974.html]
[datawarna.com/index0945.html]
[datawarna.com/index261b.html]
[datawarna.com/index8e15.html]
[datawarna.com/index5f87.html]
[datawarna.com/index47c4.html]
[datawarna.com/index2325.html]
[datawarna.com/index4bd3.html]
[datawarna.com/index8fbb.html]
[datawarna.com/index9222.html]
[datawarna.com/indexb50d.html]
[datawarna.com/index3f97.html]
[datawarna.com/indexf45e.html]
[datawarna.com/index0012.html]
[datawarna.com/index47f2.html]
[datawarna.com/indexe4db.html]
[datawarna.com/indexffa6.html]
[datawarna.com/index57e7.html]
[datawarna.com/index18ee.html]
[datawarna.com/index5d38.html]
[datawarna.com/indexe2aa.html]
[datawarna.com/index3fbb.html]
[datawarna.com/index48fd.html]
[datawarna.com/index6452.html]
[datawarna.com/indexae74.html]
[datawarna.com/index43b2.html]
[datawarna.com/index1e7e.html]
[datawarna.com/indexe513.html]
[datawarna.com/index8054.html]
[datawarna.com/indexbc6e.html]
[datawarna.com/index07ee.html]
[datawarna.com/index6150.html]
[datawarna.com/index0eba.html]
[datawarna.com/index7896.html]
[datawarna.com/indexa853.html]
[datawarna.com/indexe9b4.html]
[datawarna.com/indexd4a6.html]
[datawarna.com/indexead8.html]
[datawarna.com/index0114.html]
[datawarna.com/index2e31.html]
[datawarna.com/index094d.html]
[datawarna.com/index65a9.html]
[datawarna.com/index3cee.html]
[datawarna.com/index28c5.html]
[datawarna.com/indexbdfa.html]
[datawarna.com/indexa09e.html]
[datawarna.com/index4837.html]
[datawarna.com/index7760.html]
[datawarna.com/index9d87.html]
[datawarna.com/indexb950.html]
[datawarna.com/indexc094.html]
[datawarna.com/index44d0.html]
[datawarna.com/index3ba0.html]
[datawarna.com/index8320.html]
[datawarna.com/index9f0a.html]
[datawarna.com/index2e64.html]
[datawarna.com/index7c2c.html]
[datawarna.com/index0345.html]
[datawarna.com/indexf4d1.html]
[datawarna.com/index9430.html]
[datawarna.com/index4ef8.html]
[datawarna.com/index3350.html]
[datawarna.com/indexc7e3.html]
[datawarna.com/indexe856.html]
[datawarna.com/indexe539.html]
[datawarna.com/indexba1b.html]
[datawarna.com/index5294.html]
[datawarna.com/indexa7ab.html]
[datawarna.com/indexe839.html]
[datawarna.com/indexbe3b.html]
[datawarna.com/indexe2dc.html]
[datawarna.com/index198a.html]
[datawarna.com/index221f.html]
[datawarna.com/index3961.html]
[datawarna.com/indexbcd6.html]
[datawarna.com/index5ee4.html]
[datawarna.com/indexb6ad.html]
[datawarna.com/index49b1.html]
[datawarna.com/index8b4e.html]
[datawarna.com/index0dc6.html]
[datawarna.com/index5051.html]
[datawarna.com/index7ea6.html]
[datawarna.com/index0ed6.html]
[datawarna.com/index2023.html]
[datawarna.com/indexbbc7.html]
[datawarna.com/index8cd4.html]
[datawarna.com/index4efb.html]
[datawarna.com/index96f1.html]
[datawarna.com/indexa36b.html]
[datawarna.com/index672e.html]
[datawarna.com/index1031.html]
[datawarna.com/index2e25.html]
[datawarna.com/index5a24.html]
[datawarna.com/index9469.html]
[datawarna.com/index9cd7.html]
[datawarna.com/indexd5db.html]
[datawarna.com/index9751.html]
[datawarna.com/indexc140.html]
[datawarna.com/indexcaf0.html]
[datawarna.com/index5750.html]
[datawarna.com/index834e.html]
[datawarna.com/index4579.html]
[datawarna.com/indexee5b.html]
[datawarna.com/index5eda.html]
[datawarna.com/indexf167.html]
[datawarna.com/indexc885.html]
[datawarna.com/index735a.html]
[datawarna.com/indexb4d2.html]
[datawarna.com/indexff23.html]
